package: name='com.itaymatza.carcallrouter' versionCode='3' versionName='0.2.0-device-test' platformBuildVersionName='16' platformBuildVersionCode='36' compileSdkVersion='36' compileSdkVersionCodename='16'
minSdkVersion:'34'
targetSdkVersion:'35'
uses-permission: name='android.permission.BLUETOOTH_CONNECT'
uses-permission: name='android.permission.READ_PHONE_NUMBERS'
uses-permission: name='android.permission.MANAGE_ONGOING_CALLS'
application-label:'Car Call Router'
application-icon-160:'res/drawable/ic_router.xml'
application: label='Car Call Router' icon='res/drawable/ic_router.xml'
launchable-activity: name='com.itaymatza.carcallrouter.ui.MainActivity'  label='' icon=''
feature-group: label=''
  uses-feature: name='android.hardware.bluetooth'
  uses-feature: name='android.hardware.telephony'
  uses-feature: name='android.hardware.faketouch'
  uses-implied-feature: name='android.hardware.faketouch' reason='default feature for all apps'
main
other-services
supports-screens: 'small' 'normal' 'large' 'xlarge'
supports-any-density: 'true'
locales: '--_--'
densities: '160'
