N: android=http://schemas.android.com/apk/res/android (line=2)
  E: manifest (line=2)
    A: http://schemas.android.com/apk/res/android:versionCode(0x0101021b)=3
    A: http://schemas.android.com/apk/res/android:versionName(0x0101021c)="0.2.0-device-test" (Raw: "0.2.0-device-test")
    A: http://schemas.android.com/apk/res/android:compileSdkVersion(0x01010572)=36
    A: http://schemas.android.com/apk/res/android:compileSdkVersionCodename(0x01010573)="16" (Raw: "16")
    A: package="com.itaymatza.carcallrouter" (Raw: "com.itaymatza.carcallrouter")
    A: platformBuildVersionCode=36
    A: platformBuildVersionName=16
      E: uses-sdk (line=3)
        A: http://schemas.android.com/apk/res/android:minSdkVersion(0x0101020c)=34
        A: http://schemas.android.com/apk/res/android:targetSdkVersion(0x01010270)=35
      E: uses-feature (line=3)
        A: http://schemas.android.com/apk/res/android:name(0x01010003)="android.hardware.bluetooth" (Raw: "android.hardware.bluetooth")
        A: http://schemas.android.com/apk/res/android:required(0x0101028e)=true
      E: uses-feature (line=4)
        A: http://schemas.android.com/apk/res/android:name(0x01010003)="android.hardware.telephony" (Raw: "android.hardware.telephony")
        A: http://schemas.android.com/apk/res/android:required(0x0101028e)=true
      E: uses-permission (line=5)
        A: http://schemas.android.com/apk/res/android:name(0x01010003)="android.permission.BLUETOOTH_CONNECT" (Raw: "android.permission.BLUETOOTH_CONNECT")
      E: uses-permission (line=7)
        A: http://schemas.android.com/apk/res/android:name(0x01010003)="android.permission.READ_PHONE_NUMBERS" (Raw: "android.permission.READ_PHONE_NUMBERS")
      E: uses-permission (line=9)
        A: http://schemas.android.com/apk/res/android:name(0x01010003)="android.permission.MANAGE_ONGOING_CALLS" (Raw: "android.permission.MANAGE_ONGOING_CALLS")
      E: queries (line=10)
          E: package (line=11)
            A: http://schemas.android.com/apk/res/android:name(0x01010003)="com.google.android.projection.gearhead" (Raw: "com.google.android.projection.gearhead")
          E: provider (line=12)
            A: http://schemas.android.com/apk/res/android:authorities(0x01010018)="androidx.car.app.connection" (Raw: "androidx.car.app.connection")
      E: application (line=14)
        A: http://schemas.android.com/apk/res/android:theme(0x01010000)=@0x7f050000
        A: http://schemas.android.com/apk/res/android:label(0x01010001)="Car Call Router" (Raw: "Car Call Router")
        A: http://schemas.android.com/apk/res/android:icon(0x01010002)=@0x7f010000
        A: http://schemas.android.com/apk/res/android:name(0x01010003)=".RouterApplication" (Raw: ".RouterApplication")
        A: http://schemas.android.com/apk/res/android:allowBackup(0x01010280)=false
        A: http://schemas.android.com/apk/res/android:supportsRtl(0x010103af)=true
        A: http://schemas.android.com/apk/res/android:fullBackupContent(0x010104eb)=false
        A: http://schemas.android.com/apk/res/android:dataExtractionRules(0x0101063e)=@0x7f060000
          E: activity (line=15)
            A: http://schemas.android.com/apk/res/android:name(0x01010003)=".ui.MainActivity" (Raw: ".ui.MainActivity")
            A: http://schemas.android.com/apk/res/android:exported(0x01010010)=true
              E: intent-filter (line=16)
                  E: action (line=17)
                    A: http://schemas.android.com/apk/res/android:name(0x01010003)="android.intent.action.MAIN" (Raw: "android.intent.action.MAIN")
                  E: category (line=18)
                    A: http://schemas.android.com/apk/res/android:name(0x01010003)="android.intent.category.LAUNCHER" (Raw: "android.intent.category.LAUNCHER")
          E: service (line=21)
            A: http://schemas.android.com/apk/res/android:name(0x01010003)=".telecom.RouterInCallService" (Raw: ".telecom.RouterInCallService")
            A: http://schemas.android.com/apk/res/android:permission(0x01010006)="android.permission.BIND_INCALL_SERVICE" (Raw: "android.permission.BIND_INCALL_SERVICE")
            A: http://schemas.android.com/apk/res/android:exported(0x01010010)=true
              E: meta-data (line=22)
                A: http://schemas.android.com/apk/res/android:name(0x01010003)="android.telecom.IN_CALL_SERVICE_UI" (Raw: "android.telecom.IN_CALL_SERVICE_UI")
                A: http://schemas.android.com/apk/res/android:value(0x01010024)=false
              E: meta-data (line=23)
                A: http://schemas.android.com/apk/res/android:name(0x01010003)="android.telecom.IN_CALL_SERVICE_CAR_MODE_UI" (Raw: "android.telecom.IN_CALL_SERVICE_CAR_MODE_UI")
                A: http://schemas.android.com/apk/res/android:value(0x01010024)=false
              E: meta-data (line=24)
                A: http://schemas.android.com/apk/res/android:name(0x01010003)="android.telecom.IN_CALL_SERVICE_RINGING" (Raw: "android.telecom.IN_CALL_SERVICE_RINGING")
                A: http://schemas.android.com/apk/res/android:value(0x01010024)=false
              E: meta-data (line=25)
                A: http://schemas.android.com/apk/res/android:name(0x01010003)="android.telecom.INCLUDE_SELF_MANAGED_CALLS" (Raw: "android.telecom.INCLUDE_SELF_MANAGED_CALLS")
                A: http://schemas.android.com/apk/res/android:value(0x01010024)=false
              E: intent-filter (line=26)
                  E: action (line=27)
                    A: http://schemas.android.com/apk/res/android:name(0x01010003)="android.telecom.InCallService" (Raw: "android.telecom.InCallService")
