PASS incoming_ringing_is_passive_then_active_routes
PASS outgoing_dialing_connecting_active_routes
PASS late_bind_to_active_call_remains_passive
PASS default_toggle_off_is_passive
PASS missing_authorization_is_passive
PASS missing_runtime_permission_is_passive
PASS unsafe_call_is_passive
PASS missing_projection_is_passive
PASS target_missing_from_supported_devices_is_passive
PASS target_not_hfp_connected_is_passive
PASS duplicate_target_address_is_not_guessed
PASS explicit_one_shot_bypasses_toggle_and_projection
PASS one_shot_still_requires_authorization
PASS manual_pause_survives_competitor_event
PASS speaker_then_competitor_same_batch_respects_override
PASS endpoint_speaker_then_bluetooth_same_batch_respects_override
PASS settings_off_then_on_same_batch_stays_paused
PASS separate_hold_evaluation_cancels_guard
FAIL coalesced_hold_resume_must_cancel_guard: Expected 1 requests, observed [(0, 00:11:22:33:44:55), (350, 00:11:22:33:44:55)]; status=Service: bound
Projection: true
Call: ACTIVE; live=1
Safety: SIM-backed call and emergency-number checks passed
BMW: Telecom available=true; HFP connected=true; SCO=false
Route: COMPETING_CAR
Controller: VERIFYING; attempts=2
Request 2 submitted; awaiting BMW device verification
FAIL coalesced_second_call_add_remove_must_cancel_guard: Expected 1 requests, observed [(0, 00:11:22:33:44:55), (350, 00:11:22:33:44:55)]; status=Service: bound
Projection: true
Call: ACTIVE; live=1
Safety: SIM-backed call and emergency-number checks passed
BMW: Telecom available=true; HFP connected=true; SCO=false
Route: COMPETING_CAR
Controller: VERIFYING; attempts=2
Request 2 submitted; awaiting BMW device verification
FAIL coalesced_projection_disconnect_reconnect_must_cancel_guard: Expected 1 requests, observed [(0, 00:11:22:33:44:55), (350, 00:11:22:33:44:55)]; status=Service: bound
Projection: true
Call: ACTIVE; live=1
Safety: SIM-backed call and emergency-number checks passed
BMW: Telecom available=true; HFP connected=true; SCO=false
Route: COMPETING_CAR
Controller: VERIFYING; attempts=2
Request 2 submitted; awaiting BMW device verification
FAIL coalesced_hfp_disconnect_reconnect_must_cancel_guard: Expected 1 requests, observed [(0, 00:11:22:33:44:55), (350, 00:11:22:33:44:55)]; status=Service: bound
Projection: true
Call: ACTIVE; live=1
Safety: SIM-backed call and emergency-number checks passed
BMW: Telecom available=true; HFP connected=true; SCO=false
Route: COMPETING_CAR
Controller: VERIFYING; attempts=2
Request 2 submitted; awaiting BMW device verification
PASS positive_known_competitor_retries_are_bounded
PASS deadline_stops_further_requests
PASS telecom_exception_prevents_blind_retry
PASS destroy_removes_callbacks_and_scheduled_work
PASS call_removal_cancels_pending_timeout
PASS unknown_bluetooth_override_is_not_fought
FAIL coalesced_telecom_target_loss_must_cancel_guard: Expected 1 requests, observed [(0, 00:11:22:33:44:55), (350, 00:11:22:33:44:55)]; status=Service: bound
Projection: true
Call: ACTIVE; live=1
Safety: SIM-backed call and emergency-number checks passed
BMW: Telecom available=true; HFP connected=true; SCO=false
Route: COMPETING_CAR
Controller: VERIFYING; attempts=2
Request 2 submitted; awaiting BMW device verification
FAIL coalesced_conference_children_event_must_cancel_guard: Expected 1 requests, observed [(0, 00:11:22:33:44:55), (350, 00:11:22:33:44:55)]; status=Service: bound
Projection: true
Call: ACTIVE; live=1
Safety: SIM-backed call and emergency-number checks passed
BMW: Telecom available=true; HFP connected=true; SCO=false
Route: COMPETING_CAR
Controller: VERIFYING; attempts=2
Request 2 submitted; awaiting BMW device verification
FAIL old_hold_callback_with_newer_active_details_must_cancel: Expected 1 requests, observed [(0, 00:11:22:33:44:55), (350, 00:11:22:33:44:55)]; status=Service: bound
Projection: true
Call: ACTIVE; live=1
Safety: SIM-backed call and emergency-number checks passed
BMW: Telecom available=true; HFP connected=true; SCO=false
Route: COMPETING_CAR
Controller: VERIFYING; attempts=2
Request 2 submitted; awaiting BMW device verification
PASS projection_becoming_available_before_first_request_is_allowed
PASS hfp_becoming_available_before_first_request_is_allowed
PASS manual_one_shot_keeps_projection_bypass
PASS a_fresh_session_after_complete_call_cleanup_can_route
PASS rebind_to_existing_active_call_does_not_retake_route
PASS duplicate_active_callbacks_do_not_reset_request_budget
RESULT 30/37 passed; failures=7
SCOPE: production Kotlin service/adapter/policy on a deterministic JVM double; NOT Android installation, platform admission, Bluetooth or audio validation.
