PASS incoming_ringing_is_passive_then_active_routes
PASS outgoing_dialing_connecting_active_routes
PASS late_bind_to_active_call_remains_passive
PASS default_toggle_off_is_passive
PASS missing_authorization_is_passive
PASS missing_runtime_permission_is_passive
PASS unsafe_call_is_passive
PASS missing_projection_is_passive
PASS target_missing_from_supported_devices_is_passive
PASS target_not_hfp_connected_is_passive
PASS duplicate_target_address_is_not_guessed
PASS explicit_one_shot_bypasses_toggle_and_projection
PASS one_shot_still_requires_authorization
PASS manual_pause_survives_competitor_event
PASS speaker_then_competitor_same_batch_respects_override
PASS endpoint_speaker_then_bluetooth_same_batch_respects_override
PASS settings_off_then_on_same_batch_stays_paused
PASS separate_hold_evaluation_cancels_guard
PASS coalesced_hold_resume_must_cancel_guard
PASS coalesced_second_call_add_remove_must_cancel_guard
PASS coalesced_projection_disconnect_reconnect_must_cancel_guard
PASS coalesced_hfp_disconnect_reconnect_must_cancel_guard
PASS positive_known_competitor_retries_are_bounded
PASS deadline_stops_further_requests
PASS telecom_exception_prevents_blind_retry
PASS destroy_removes_callbacks_and_scheduled_work
PASS call_removal_cancels_pending_timeout
PASS unknown_bluetooth_override_is_not_fought
RESULT 28/28 passed; failures=0
SCOPE: production Kotlin service/adapter/policy on a deterministic JVM double; NOT Android installation, platform admission, Bluetooth or audio validation.
