.github/workflows/build.yml: OK
.gitignore: OK
LICENSE: OK
README.md: OK
app/build.gradle.kts: OK
app/src/main/AndroidManifest.xml: OK
app/src/main/assets/LICENSE-Apache-2.0.txt: OK
app/src/main/assets/THIRD_PARTY_NOTICES.txt: OK
app/src/main/java/com/itaymatza/carcallrouter/Access.kt: OK
app/src/main/java/com/itaymatza/carcallrouter/ProjectionMonitor.kt: OK
app/src/main/java/com/itaymatza/carcallrouter/RouterApplication.kt: OK
app/src/main/java/com/itaymatza/carcallrouter/RouterLog.kt: OK
app/src/main/java/com/itaymatza/carcallrouter/RouterSettings.kt: OK
app/src/main/java/com/itaymatza/carcallrouter/SessionBridge.kt: OK
app/src/main/java/com/itaymatza/carcallrouter/core/CallSafety.kt: OK
app/src/main/java/com/itaymatza/carcallrouter/core/RoutingPolicy.kt: OK
app/src/main/java/com/itaymatza/carcallrouter/telecom/AddressedTelecomRouter.kt: OK
app/src/main/java/com/itaymatza/carcallrouter/telecom/CellularClassifier.kt: OK
app/src/main/java/com/itaymatza/carcallrouter/telecom/HfpMonitor.kt: OK
app/src/main/java/com/itaymatza/carcallrouter/telecom/RouterInCallService.kt: OK
app/src/main/java/com/itaymatza/carcallrouter/ui/MainActivity.kt: OK
app/src/main/res/drawable/ic_router.xml: OK
app/src/main/res/layout/activity_main.xml: OK
app/src/main/res/values/strings.xml: OK
app/src/main/res/values/styles.xml: OK
app/src/main/res/xml/data_extraction_rules.xml: OK
app/src/test/java/com/itaymatza/carcallrouter/core/PolicyCases.kt: OK
app/src/test/java/com/itaymatza/carcallrouter/core/PolicyTest.kt: OK
build.gradle.kts: OK
docs/BUILD-VERIFICATION-0.2.0.md: OK
docs/history-0.1.1/AUDIT-0.1.1.md: OK
docs/history-0.1.1/ENGINEERING.md: OK
docs/history-0.1.1/VALIDATION.md: OK
docs/history-0.1.1/apk-build-attempt.log: OK
docs/history-0.1.1/core-test-results.txt: OK
docs/history-0.1.1/core-tests-after.txt: OK
docs/history-0.1.1/property-results.txt: OK
docs/history-0.1.1/regressions-after.txt: OK
docs/history-0.1.1/regressions-before.txt: OK
docs/history-0.1.1/verification.json: OK
docs/verification-0.2.0/apk-badging.log: OK
docs/verification-0.2.0/binary-integrity.json: OK
docs/verification-0.2.0/check-delivered-apk.py: OK
docs/verification-0.2.0/compile.log: OK
docs/verification-0.2.0/d8.log: OK
docs/verification-0.2.0/manifest-tree.log: OK
docs/verification-0.2.0/policy-tests.log: OK
docs/verification-0.2.0/property-tests.log: OK
docs/verification-0.2.0/signature.log: OK
gradle/wrapper/gradle-wrapper.properties: OK
gradle.properties: OK
gradlew: OK
gradlew.bat: OK
settings.gradle.kts: OK
tools/ACTUAL-BUILD-COMMANDS.txt: OK
tools/CoreTestsMain.kt: OK
tools/PropertyChecks.kt: OK
tools/SignVerify.java: OK
tools/bootstrap-gradle.ps1: OK
tools/bootstrap-gradle.sh: OK
tools/capture.py: OK
tools/install.ps1: OK
tools/install.sh: OK
tools/test-core.sh: OK
tools/test-properties.sh: OK
